From zsh-workers-return-14845-mason-zsh=primenet.com.au@sunsite.dk Mon Jun 11 15:26:20 2001
Return-Path: <zsh-workers-return-14845-mason-zsh=primenet.com.au@sunsite.dk>
Delivered-To: mason-zsh@primenet.com.au
Received: (qmail 27763 invoked from network); 11 Jun 2001 15:26:18 -0000
Received: from sunsite.dk (130.225.51.30)
  by ns1.primenet.com.au with SMTP; 11 Jun 2001 15:26:18 -0000
Received: (qmail 196 invoked by alias); 11 Jun 2001 15:25:54 -0000
Mailing-List: contact zsh-workers-help@sunsite.dk; run by ezmlm
Precedence: bulk
X-No-Archive: yes
Delivered-To: mailing list zsh-workers@sunsite.dk
X-Seq: 14845
Received: (qmail 185 invoked from network); 11 Jun 2001 15:25:53 -0000
From: "Allan Stokes" <june01@stokes.ca>
To: <zsh-workers@sunsite.dk>
Subject: zsh 4.0.1 test failed on stock Redhat 7.1
Date: Mon, 11 Jun 2001 08:27:21 -0700
Message-ID: <NABBJEAOKIDHLPHKHPDLAEIEEBAA.june01@stokes.ca>
MIME-Version: 1.0
Content-Type: text/plain;
	charset="iso-8859-1"
Content-Transfer-Encoding: 7bit
X-Priority: 3 (Normal)
X-MSMail-Priority: Normal
X-Mailer: Microsoft Outlook IMO, Build 9.0.2416 (9.0.2911.0)
X-MimeOLE: Produced By Microsoft MimeOLE V5.50.4522.1200
Importance: Normal


Hello,

I first heard about zsh on /. a few months back and I've finally got around
to trying it out.  I'm trying to build the recent 4.0.1 on a stock Redhat
7.1 configuration.

The following test failed:


./Y03arguments.ztst: starting.
*** /tmp/zsh.ztst.out.6271	Mon Jun 11 01:14:24 2001
--- /tmp/zsh.ztst.tout.6271	Mon Jun 11 01:14:24 2001
***************
*** 1,4 ****
  line: {tst -}{}
  MESSAGE:{arg}
- DESCRIPTION:{option}
- NO:{-x}
--- 1,2 ----
Test ./Y03arguments.ztst failed: output differs from expected as shown above
for:
 tst_arguments '-x' ':arg:'
 comptest $'tst -\t'
Was testing: argument beginning with minus
./Y03arguments.ztst: test failed.


I'm not subscribed to this list.  mutt under Redhat is refusing to connect
to the imap server I set up last night (but Outlook works).  No lists for me
until I solve this problem.



dmesg for this system:

Linux version 2.4.2-2 (root@porky.devel.redhat.com) (gcc version 2.96
20000731 (Red Hat Linux 7.1 2.96-79)) #1 Sun Apr 8 20:41:30 EDT 2001
BIOS-provided physical RAM map:
 BIOS-e820: 000000000009fc00 @ 0000000000000000 (usable)
 BIOS-e820: 0000000000000400 @ 000000000009fc00 (reserved)
 BIOS-e820: 0000000000010000 @ 00000000000f0000 (reserved)
 BIOS-e820: 0000000000010000 @ 00000000ffff0000 (reserved)
 BIOS-e820: 000000002fef0000 @ 0000000000100000 (usable)
 BIOS-e820: 000000000000d000 @ 000000002fff3000 (ACPI data)
 BIOS-e820: 0000000000003000 @ 000000002fff0000 (ACPI NVS)
On node 0 totalpages: 196592
zone(0): 4096 pages.
zone DMA has max 32 cached pages.
zone(1): 192496 pages.
zone Normal has max 1024 cached pages.
zone(2): 0 pages.
zone HighMem has max 1 cached pages.
Kernel command line: initrd=initrd.img root=/dev/hda4 BOOT_IMAGE=vmlinuz
auto
Initializing CPU#0
Detected 900.056 MHz processor.
Console: colour VGA+ 80x25
Calibrating delay loop... 1795.68 BogoMIPS
Memory: 770548k/786368k available (1365k kernel code, 15432k reserved, 92k
data, 236k init, 0k highmem)
Dentry-cache hash table entries: 131072 (order: 8, 1048576 bytes)
Buffer-cache hash table entries: 65536 (order: 6, 262144 bytes)
Page-cache hash table entries: 262144 (order: 9, 2097152 bytes)
Inode-cache hash table entries: 65536 (order: 7, 524288 bytes)
VFS: Diskquotas version dquot_6.5.0 initialized
CPU: Before vendor init, caps: 0183f9ff c1c7f9ff 00000000, vendor = 2
CPU: L1 I Cache: 64K (64 bytes/line), D cache 64K (64 bytes/line)
CPU: L2 Cache: 256K (64 bytes/line)
CPU: After vendor init, caps: 0183f9ff c1c7f9ff 00000000 00000000
CPU: After generic, caps: 0183f9ff c1c7f9ff 00000000 00000000
CPU: Common caps: 0183f9ff c1c7f9ff 00000000 00000000
CPU: AMD Athlon(tm) Processor stepping 02
Enabling fast FPU save and restore... done.
Checking 'hlt' instruction... OK.
POSIX conformance testing by UNIFIX
mtrr: v1.37 (20001109) Richard Gooch (rgooch@atnf.csiro.au)
mtrr: detected mtrr type: Intel
PCI: PCI BIOS revision 2.10 entry at 0xfb430, last bus=1
PCI: Using configuration type 1
PCI: Probing PCI hardware
Unknown bridge resource 0: assuming transparent
PCI: Using IRQ router VIA [1106/0686] at 00:07.0
isapnp: Scanning for PnP cards...
isapnp: No Plug & Play device found
Linux NET4.0 for Linux 2.4
Based upon Swansea University Computer Society NET3.039
Initializing RT netlink socket
KT7 series board detected. Disabling IDE DMA.
apm: BIOS version 1.2 Flags 0x07 (Driver version 1.14)
Starting kswapd v1.8
pty: 256 Unix98 ptys configured
block: queued sectors max/low 511042kB/379970kB, 1536 slots per queue
RAMDISK driver initialized: 16 RAM disks of 4096K size 1024 blocksize
Uniform Multi-Platform E-IDE driver Revision: 6.31
ide: Assuming 33MHz system bus speed for PIO modes; override with idebus=xx
VP_IDE: IDE controller on PCI bus 00 dev 39
VP_IDE: chipset revision 6
VP_IDE: not 100% native mode: will probe irqs later
ide: Assuming 33MHz system bus speed for PIO modes; override with idebus=xx
VP_IDE: VIA vt82c686b (rev 40) IDE UDMA100 controller on pci00:07.1
    ide0: BM-DMA at 0xe000-0xe007, BIOS settings: hda:DMA, hdb:pio
    ide1: BM-DMA at 0xe008-0xe00f, BIOS settings: hdc:DMA, hdd:pio
hda: FUJITSU MPG3409AT E, ATA DISK drive
hdc: DELTA OPC-K101/ST1 F/W by OIPD, ATAPI CD/DVD-ROM drive
ide0 at 0x1f0-0x1f7,0x3f6 on irq 14
ide1 at 0x170-0x177,0x376 on irq 15
hda: 80063424 sectors (40992 MB) w/2048KiB Cache, CHS=4983/255/63, UDMA(33)
Partition check:
 hda: hda1 hda2 hda3 hda4
Floppy drive(s): fd0 is 1.44M
FDC 0 is a post-1991 82077
RAMDISK: Compressed image found at block 0
Freeing initrd memory: 256k freed
Serial driver version 5.02 (2000-08-09) with MANY_PORTS MULTIPORT SHARE_IRQ
SERIAL_PCI ISAPNP enabled
ttyS00 at 0x03f8 (irq = 4) is a 16550A
ttyS01 at 0x02f8 (irq = 3) is a 16550A
Real Time Clock Driver v1.10d
md driver 0.90.0 MAX_MD_DEVS=256, MD_SB_DISKS=27
md.c: sizeof(mdp_super_t) = 4096
autodetecting RAID arrays
autorun ...
... autorun DONE.
NET4: Linux TCP/IP 1.0 for NET4.0
IP Protocols: ICMP, UDP, TCP, IGMP
IP: routing cache hash table of 8192 buckets, 64Kbytes
TCP: Hash tables configured (established 262144 bind 65536)
Linux IP multicast router 0.06 plus PIM-SM
NET4: Unix domain sockets 1.0/SMP for Linux NET4.0.
VFS: Mounted root (ext2 filesystem).
8139too Fast Ethernet driver 0.9.15 loaded
PCI: Found IRQ 11 for device 00:0f.0
eth0: D-Link DFE-538TX (RealTek RTL8139) at 0xf0806000, 00:50:ba:4e:1b:9a,
IRQ 11
eth0:  Identified 8139 chip type 'RTL-8139C'
VFS: Mounted root (ext2 filesystem) readonly.
change_root: old root has d_count=3
Trying to unmount old root ... okay
Freeing unused kernel memory: 236k freed
Adding Swap: 530136k swap-space (priority -1)
usb.c: registered new driver usbdevfs
usb.c: registered new driver hub
usb-uhci.c: $Revision: 1.251 $ time 20:53:29 Apr  8 2001
usb-uhci.c: High bandwidth mode enabled
PCI: Found IRQ 5 for device 00:07.2
PCI: The same IRQ used for device 00:07.3
usb-uhci.c: USB UHCI at I/O 0xe400, IRQ 5
usb-uhci.c: Detected 2 ports
usb.c: new USB bus registered, assigned bus number 1
hub.c: USB hub found
hub.c: 2 ports detected
PCI: Found IRQ 5 for device 00:07.3
PCI: The same IRQ used for device 00:07.2
usb-uhci.c: USB UHCI at I/O 0xe800, IRQ 5
usb-uhci.c: Detected 2 ports
usb.c: new USB bus registered, assigned bus number 2
hub.c: USB hub found
hub.c: 2 ports detected
Winbond Super-IO detection, now testing ports 3F0,370,250,4E,2E ...
SMSC Super-IO detection, now testing Ports 2F0, 370 ...
0x378: FIFO is 16 bytes
0x378: writeIntrThreshold is 8
0x378: readIntrThreshold is 8
0x378: PWord is 8 bits
0x378: Interrupts are ISA-Pulses
0x378: possible IRQ conflict!
0x378: ECP port cfgA=0x10 cfgB=0x00
0x378: ECP settings irq=<none or set by other means> dma=<none or set by
other means>
parport0: PC-style at 0x378 (0x778), irq 7 [PCSPP,TRISTATE,COMPAT,ECP]
parport0: cpp_daisy: aa5500ff(38)
parport0: assign_addrs: aa5500ff(38)
parport0: cpp_daisy: aa5500ff(38)
parport0: assign_addrs: aa5500ff(38)
parport_pc: Via 686A parallel port: io=0x378, irq=7, dma=3
Trying to free free DMA3
ip_conntrack (6143 buckets, 49144 max)
eth0: Setting 100mbps full-duplex based on auto-negotiated partner ability
45e1.
mtrr: type mismatch for db000000,800000 old: write-back new: write-combining
mtrr: type mismatch for db000000,800000 old: write-back new: write-combining
mtrr: type mismatch for db000000,800000 old: write-back new: write-combining
hdc: ATAPI 40X CD-ROM drive, 128kB Cache, UDMA(33)
Uniform CD-ROM driver Revision: 3.12
Uniform CD-ROM driver unloaded
hdc: ATAPI 40X CD-ROM drive, 128kB Cache, UDMA(33)
Uniform CD-ROM driver Revision: 3.12
Uniform CD-ROM driver unloaded



